// Vitest Snapshot v1, https://vitest.dev/guide/snapshot.html

exports[`given an Avatar with fallback and a working image > should render as snapshot 1`] = `"<span class="bg-blackA3 inline-flex h-[45px] w-[45px] select-none items-center justify-center overflow-hidden rounded-full align-middle"><img role="img" src="https://images.unsplash.com/photo-1492633423870-43d1cd2775eb?&amp;w=128&amp;h=128&amp;dpr=2&amp;q=80" class="h-full w-full rounded-[inherit] object-cover" alt="Colm Tuite"><!--v-if--></span>"`;
